Visual Studio path: C:\Program Files\Microsoft Visual Studio\2022\Enterprise
Setting up environment
**********************************************************************
** Visual Studio 2022 Developer Command Prompt v17.11.5
** Copyright (c) 2022 Microsoft Corporation
**********************************************************************
[vcvarsall.bat] Environment initialized for: 'x64'
Building project in D:\tetris_ai\
-- Configuring done (0.0s)
-- Generating done (0.1s)
-- Build files have been written to: D:/tetris_ai/build
MSBuild version 17.11.9+a69bbaaf5 for .NET Framework

  tetrisai.vcxproj -> D:\tetris_ai\build\Release\tetrisai.exe
